
> maya-orchestrator@1.3.4 build D:\MAYA\packages\orchestrator
> tsc -p tsconfig.json

src/cli.ts(764,12): error TS2552: Cannot find name '__OPENWORK_ORCHESTRATOR_VERSION__'. Did you mean '__MAYA_ORCHESTRATOR_VERSION__'?
src/cli.ts(765,5): error TS2552: Cannot find name '__OPENWORK_ORCHESTRATOR_VERSION__'. Did you mean '__MAYA_ORCHESTRATOR_VERSION__'?
src/cli.ts(767,12): error TS2552: Cannot find name '__OPENWORK_ORCHESTRATOR_VERSION__'. Did you mean '__MAYA_ORCHESTRATOR_VERSION__'?
src/cli.ts(1430,9): error TS2367: This comparison appears to be unintentional because the types 'SidecarName' and '"openwork-server"' have no overlap.
src/cli.ts(1458,7): error TS2367: This comparison appears to be unintentional because the types 'SidecarName' and '"openwork-server"' have no overlap.
src/cli.ts(1643,74): error TS2345: Argument of type '"openwork-server"' is not assignable to parameter of type 'SidecarName'.
src/cli.ts(1686,54): error TS2322: Type '"openwork-server"' is not assignable to type 'SidecarName'.
src/cli.ts(1706,52): error TS2322: Type '"openwork-server"' is not assignable to type 'SidecarName'.
src/cli.ts(2954,74): error TS2552: Cannot find name 'SANDBOX_INTERNAL_OPENWORK_PORT'. Did you mean 'SANDBOX_INTERNAL_OPENCODE_PORT'?
src/cli.ts(3039,34): error TS2552: Cannot find name 'SANDBOX_INTERNAL_OPENWORK_PORT'. Did you mean 'SANDBOX_INTERNAL_OPENCODE_PORT'?
src/cli.ts(3163,34): error TS2552: Cannot find name 'SANDBOX_INTERNAL_OPENWORK_PORT'. Did you mean 'SANDBOX_INTERNAL_OPENCODE_PORT'?
D:\MAYA\packages\orchestrator:
ΓÇëERR_PNPM_RECURSIVE_RUN_FIRST_FAILΓÇë maya-orchestrator@1.3.4 build: `tsc -p tsconfig.json`
Exit status 2
